Microchip MPLAB XC8 Compiler V3.00

Linker command line:

-W-3 \
  --edf=C:\Program Files\Microchip\xc8\v3.00\pic\dat\20241204225717_en.msgs \
  -cn -h+dist/default/production\xyz.X.production.sym \
  --cmf=dist/default/production\xyz.X.production.cmf -z -Q16F877 \
  -oC:\Users\ADIMIN\AppData\Local\Temp\xcAsauc.\driver_tmp_3.o \
  --defsym=__MPLAB_BUILD=1 --fixupoverflow=error \
  -Mdist/default/production/xyz.X.production.map \
  --md=C:\Users\ADIMIN\AppData\Local\Temp\xcAsauc.\driver_tmp_0.dat -E1 \
  -ver=XC8 Compiler -ACODE=00h-07FFhx4 -ASTRCODE=00h-01FFFh \
  -ASTRING=00h-0FFhx32 -ACONST=00h-0FFhx32 -AENTRY=00h-0FFhx32 \
  -ACOMMON=070h-07Fh -ABANK0=020h-06Fh -ABANK1=0A0h-0EFh \
  -ABANK2=0110h-016Fh -ABANK3=0190h-01EFh \
  -ARAM=020h-06Fh,0A0h-0EFh,0110h-016Fh,0190h-01EFh \
  -AABS1=020h-07Fh,0A0h-0EFh,0110h-016Fh,0190h-01EFh -ASFR0=00h-01Fh \
  -ASFR1=080h-09Fh -ASFR2=0100h-010Fh -ASFR3=0180h-018Fh \
  -ACONFIG=02007h-02007h -DCONFIG=2 -AIDLOC=02000h-02003h -DIDLOC=2 \
  -AEEDATA=00h-0FFh/02100h -peeprom_data=EEDATA -DEEDATA=2 -DCODE=2 \
  -DSTRCODE=2 -DSTRING=2 -DCONST=2 -DENTRY=2 \
  -preset_vec=00h,intentry=04h,sivt,init,end_init -ppowerup=CODE \
  -pcinit=CODE -pfunctab=ENTRY -k \
  C:\Users\ADIMIN\AppData\Local\Temp\xcAsauc.\driver_tmp_17.o \
  dist/default/production\xyz.X.production.o 

Object code version is 3.11

Machine type is 16F877



                Name                               Link     Load   Length Selector   Space Scale
C:\Users\ADIMIN\AppData\Local\Temp\xcAsauc.\driver_tmp_17.o
                end_init                              C        C        3        8       0
                reset_vec                             0        0        3        0       0
                config                             2007     2007        1        0       4
dist/default/production\xyz.X.production.o
                cinit                                 F        F       23        8       0
                intentry                              4        4        8        8       0
                text16_split_1                       32       32      709        8       0
                config                             2007     2007        1        0       4
                text42                             1EE1     1EE1       43     3DC2       0
                text41                             1CB2     1CB2        9     3964       0
                text40                             1D39     1D39       22     3A72       0
                text39                             1CF9     1CF9       1F     39F2       0
                text38                              7F1      7F1        D        8       0
                text37                             1FB1     1FB1       4F     3F62       0
                text36                             1F6A     1F6A       47     3ED4       0
                text35                             1F24     1F24       46     3E48       0
                text34                              89E      89E      1D0     113C       0
                text33                             1039     1039       50     2072       0
                text32                             143F     143F       A4     287E       0
                text31                             1DA4     1DA4       29     3B48       0
                text30                              CBE      CBE      342     197C       0
                text29                             1001     1001        B     2002       0
                text28                              A6E      A6E      250     14DC       0
                text27                             1D5B     1D5B       24     3AB6       0
                text26                             1329     1329       76     2652       0
                text25                              811      811       8D     1022       0
                text24                             16F1     16F1      10F     2DE2       0
                text23                             1CCB     1CCB       15     3996       0
                text22                             1D18     1D18       21     3A30       0
                text21                              7FE      7FE        1        8       0
                text20                             139F     139F       A0     273E       0
                text19                             1DF6     1DF6       2B     3BEC       0
                text18                             1E21     1E21       3E     3C42       0
                text17                             1CE0     1CE0       19     39C0       0
                text16                             15E6     15E6      10B     2BCC       0
                text15                             1D7F     1D7F       25     3AFE       0
                text14                             112B     112B       57     2256       0
                text13                             14E3     14E3      103     29C6       0
                text12                             1DCD     1DCD       29     3B9A       0
                text11                             100C     100C       2D     2018       0
                text10                             1E5F     1E5F       41     3CBE       0
                text9                              1EA0     1EA0       41     3D40       0
                text8                              1089     1089       51     2112       0
                text7                              12B8     12B8       71     2570       0
                text6                              1CBB     1CBB       10     3976       0
                text5                               801      801       10     1002       0
                text4                               73B      73B       B6        8       0
                text3                              1182     1182       66     2304       0
                text2                              11E8     11E8       68     23D0       0
                text1                              1250     1250       68     24A0       0
                maintext                           10DA     10DA       51     21B4       0
                cstackBANK0                          20       20       4F       20       1
                cstackCOMMON                         70       70        A       70       1
                cstackBANK1                          A0       A0       3A       A0       1
                clrtext                            1CAA     1CAA        8     3954       0
                bssBANK2                            110      110       50      110       1
                bssBANK3                            190      190       20      190       1
                bssBANK1                             DA       DA       13       A0       1
                bssBANK0                             6F       6F        1       20       1
                bssCOMMON                            7A       7A        2       70       1
                strings                            1800     1800       4F     3000       0

TOTAL           Name                               Link     Load   Length     Space
        CLASS   CODE           
                end_init                              C        C        3         0
                cinit                                 F        F       23         0
                intentry                              4        4        8         0
                reset_vec                             0        0        3         0
                text16_split_1                       32       32      709         0
                text42                             1EE1     1EE1       43         0
                text41                             1CB2     1CB2        9         0
                text40                             1D39     1D39       22         0
                text39                             1CF9     1CF9       1F         0
                text38                              7F1      7F1        D         0
                text37                             1FB1     1FB1       4F         0
                text36                             1F6A     1F6A       47         0
                text35                             1F24     1F24       46         0
                text34                              89E      89E      1D0         0
                text33                             1039     1039       50         0
                text32                             143F     143F       A4         0
                text31                             1DA4     1DA4       29         0
                text30                              CBE      CBE      342         0
                text29                             1001     1001        B         0
                text28                              A6E      A6E      250         0
                text27                             1D5B     1D5B       24         0
                text26                             1329     1329       76         0
                text25                              811      811       8D         0
                text24                             16F1     16F1      10F         0
                text23                             1CCB     1CCB       15         0
                text22                             1D18     1D18       21         0
                text21                              7FE      7FE        1         0
                text20                             139F     139F       A0         0
                text19                             1DF6     1DF6       2B         0
                text18                             1E21     1E21       3E         0
                text17                             1CE0     1CE0       19         0
                text16                             15E6     15E6      10B         0
                text15                             1D7F     1D7F       25         0
                text14                             112B     112B       57         0
                text13                             14E3     14E3      103         0
                text12                             1DCD     1DCD       29         0
                text11                             100C     100C       2D         0
                text10                             1E5F     1E5F       41         0
                text9                              1EA0     1EA0       41         0
                text8                              1089     1089       51         0
                text7                              12B8     12B8       71         0
                text6                              1CBB     1CBB       10         0
                text5                               801      801       10         0
                text4                               73B      73B       B6         0
                text3                              1182     1182       66         0
                text2                              11E8     11E8       68         0
                text1                              1250     1250       68         0
                maintext                           10DA     10DA       51         0
                clrtext                            1CAA     1CAA        8         0

        CLASS   STRCODE        

        CLASS   STRING         
                strings                            1800     1800       4F         0

        CLASS   CONST          

        CLASS   ENTRY          

        CLASS   COMMON         
                cstackCOMMON                         70       70        A         1
                bssCOMMON                            7A       7A        2         1

        CLASS   BANK0          
                cstackBANK0                          20       20       4F         1
                bssBANK0                             6F       6F        1         1

        CLASS   BANK1          
                cstackBANK1                          A0       A0       3A         1
                bssBANK1                             DA       DA       13         1

        CLASS   BANK2          
                bssBANK2                            110      110       50         1

        CLASS   BANK3          
                bssBANK3                            190      190       20         1

        CLASS   RAM            

        CLASS   ABS1           
                abs_s1                               7E       7E        2         1

        CLASS   SFR0           

        CLASS   SFR1           

        CLASS   SFR2           

        CLASS   SFR3           

        CLASS   CONFIG         
                config                             2007     2007        1         4

        CLASS   IDLOC          

        CLASS   EEDATA         

        CLASS   HEAP           

        CLASS   STACK          



SEGMENTS        Name                           Load    Length   Top    Selector   Space  Class     Delta

                reset_vec                      000000  000003  000003         0       0  CODE        2
                intentry                       000004  0007FB  0007FF         8       0  CODE        2
                cstackBANK0                    000020  000050  000070        20       1  BANK0       1
                cstackCOMMON                   000070  00000C  00007C        70       1  COMMON      1
                cstackBANK1                    0000A0  00004D  0000ED        A0       1  BANK1       1
                bssBANK2                       000110  000050  000160       110       1  BANK2       1
                bssBANK3                       000190  000020  0001B0       190       1  BANK3       1
                text5                          000801  000010  000811      1002       0  CODE        2
                text25                         000811  00008D  00089E      1022       0  CODE        2
                text34                         00089E  0001D0  000A6E      113C       0  CODE        2
                text28                         000A6E  000250  000CBE      14DC       0  CODE        2
                text30                         000CBE  000342  001000      197C       0  CODE        2
                text29                         001001  00000B  00100C      2002       0  CODE        2
                text11                         00100C  00002D  001039      2018       0  CODE        2
                text33                         001039  000050  001089      2072       0  CODE        2
                text8                          001089  000051  0010DA      2112       0  CODE        2
                maintext                       0010DA  000051  00112B      21B4       0  CODE        2
                text14                         00112B  000057  001182      2256       0  CODE        2
                text3                          001182  000066  0011E8      2304       0  CODE        2
                text2                          0011E8  000068  001250      23D0       0  CODE        2
                text1                          001250  000068  0012B8      24A0       0  CODE        2
                text7                          0012B8  000071  001329      2570       0  CODE        2
                text26                         001329  000076  00139F      2652       0  CODE        2
                text20                         00139F  0000A0  00143F      273E       0  CODE        2
                text32                         00143F  0000A4  0014E3      287E       0  CODE        2
                text13                         0014E3  000103  0015E6      29C6       0  CODE        2
                text16                         0015E6  00010B  0016F1      2BCC       0  CODE        2
                text24                         0016F1  00010F  001800      2DE2       0  CODE        2
                strings                        001800  00004F  00184F      3000       0  STRING      2
                clrtext                        001CAA  000008  001CB2      3954       0  CODE        2
                text41                         001CB2  000009  001CBB      3964       0  CODE        2
                text6                          001CBB  000010  001CCB      3976       0  CODE        2
                text23                         001CCB  000015  001CE0      3996       0  CODE        2
                text17                         001CE0  000019  001CF9      39C0       0  CODE        2
                text39                         001CF9  00001F  001D18      39F2       0  CODE        2
                text22                         001D18  000021  001D39      3A30       0  CODE        2
                text40                         001D39  000022  001D5B      3A72       0  CODE        2
                text27                         001D5B  000024  001D7F      3AB6       0  CODE        2
                text15                         001D7F  000025  001DA4      3AFE       0  CODE        2
                text31                         001DA4  000029  001DCD      3B48       0  CODE        2
                text12                         001DCD  000029  001DF6      3B9A       0  CODE        2
                text19                         001DF6  00002B  001E21      3BEC       0  CODE        2
                text18                         001E21  00003E  001E5F      3C42       0  CODE        2
                text10                         001E5F  000041  001EA0      3CBE       0  CODE        2
                text9                          001EA0  000041  001EE1      3D40       0  CODE        2
                text42                         001EE1  000043  001F24      3DC2       0  CODE        2
                text35                         001F24  000046  001F6A      3E48       0  CODE        2
                text36                         001F6A  000047  001FB1      3ED4       0  CODE        2
                text37                         001FB1  00004F  002000      3F62       0  CODE        2


UNUSED ADDRESS RANGES

        Name                Unused          Largest block    Delta
        BANK1            0000ED-0000EF                3           1
        BANK2            000160-00016F               10           1
        BANK3            0001B0-0001EF               40           1
        CODE             000003-000003                1           2
                         0007FF-000800                1
                         001000-001000                1
                         00184F-001CA9              45B
        COMMON           00007C-00007D                2           1
        CONST            000003-000003                1           2
                         0007FF-000800                1
                         001000-001000                1
                         00184F-001CA9              100
        EEDATA           002100-0021FF              100           2
        ENTRY            000003-000003                1           2
                         0007FF-000800                1
                         001000-001000                1
                         00184F-001CA9              100
        IDLOC            002000-002003                4           2
        RAM              0000ED-0000EF                3           1
                         000160-00016F               10
                         0001B0-0001EF               40
        SFR0             000000-00001F               20           1
        SFR1             000080-00009F               20           1
        SFR2             000100-00010F               10           1
        SFR3             000180-00018F               10           1
        STRCODE          000003-000003                1           2
                         0007FF-000800                2
                         001000-001000                1
                         00184F-001CA9              45B
        STRING           000003-000003                1           2
                         0007FF-000800                1
                         001000-001000                1
                         00184F-001CA9              100

                                  Symbol Table

?__Umul8_16                 cstackCOMMON 000072
?___fladd                   cstackCOMMON 000072
?___fldiv                   cstackCOMMON 000072
?___flmul                   cstackBANK0  000026
?___flneg                   cstackCOMMON 000072
?___flsub                   cstackBANK0  000040
?___fltol                   cstackCOMMON 000072
?___fpclassifyf             cstackCOMMON 000072
?___wmul                    cstackCOMMON 000072
?___xxtofl                  cstackCOMMON 000072
?_floorf                    cstackBANK0  000032
?_labs                      cstackCOMMON 000072
?_read_prec_or_width        cstackCOMMON 000078
?_sprintf                   cstackBANK1  0000D4
?_vfprintf                  cstackBANK1  0000D0
LCD_CMD@cmd                 cstackCOMMON 000074
LCD_DATA@data               cstackCOMMON 000072
LCD_Set_Cursor@c            cstackCOMMON 000075
LCD_Set_Cursor@high4        cstackBANK0  000021
LCD_Set_Cursor@low4         cstackBANK0  000022
LCD_Set_Cursor@r            cstackBANK0  000020
LCD_Set_Cursor@temp         cstackBANK0  000023
LCD_Write_Char@data         cstackCOMMON 000076
LCD_Write_Char@high4        cstackCOMMON 000074
LCD_Write_Char@low4         cstackCOMMON 000075
LCD_Write_String@i          cstackBANK0  000023
LCD_Write_String@str        cstackCOMMON 000077
_C                          bssBANK1     0000EA
_GPIO_Config                text41       001CB2
_INTCONbits                 (abs)        00000B
_ISR                        text42       001EE1
_LCD_CMD                    text39       001CF9
_LCD_Clear                  text38       0007F1
_LCD_DATA                   text40       001D39
_LCD_Display_1              text10       001E5F
_LCD_Display_2              text9        001EA0
_LCD_Display_3              text8        001089
_LCD_Init                   text7        0012B8
_LCD_Set_Cursor             text37       001FB1
_LCD_Write_Char             text36       001F6A
_LCD_Write_String           text35       001F24
_PIE1bits                   (abs)        00008C
_PIR1bits                   (abs)        00000C
_PORTBbits                  (abs)        000006
_PORTDbits                  (abs)        000008
_T1CONbits                  (abs)        000010
_T2CONbits                  (abs)        000012
_TMR1                       (abs)        00000E
_TMR1_Init                  text6        001CBB
_TMR2                       (abs)        000011
_TMR2_Init                  text5        000801
_TRISB                      (abs)        000086
_TRISBbits                  (abs)        000086
_TRISDbits                  (abs)        000088
__H__absolute__             __absolute__ 000000
__Habs1                     abs1         000000
__Hbank0                    bank0        000000
__Hbank1                    bank1        000000
__Hbank2                    bank2        000000
__Hbank3                    bank3        000000
__HbssBANK0                 bssBANK0     000000
__HbssBANK1                 bssBANK1     000000
__HbssBANK2                 bssBANK2     000000
__HbssBANK3                 bssBANK3     000000
__HbssCOMMON                bssCOMMON    000000
__Hcinit                    cinit        000032
__Hclrtext                  clrtext      000000
__Hcode                     code         000000
__Hcommon                   common       000000
__Hconfig                   config       002008
__HcstackBANK0              cstackBANK0  000000
__HcstackBANK1              cstackBANK1  000000
__HcstackCOMMON             cstackCOMMON 000000
__Heeprom_data              eeprom_data  000000
__Hend_init                 end_init     00000F
__Hfunctab                  functab      000000
__Hheap                     heap         000000
__Hinit                     init         00000C
__Hintentry                 intentry     00000C
__Hmaintext                 maintext     000000
__Hpowerup                  powerup      000000
__Hram                      ram          000000
__Hreset_vec                reset_vec    000003
__Hsfr0                     sfr0         000000
__Hsfr1                     sfr1         000000
__Hsfr2                     sfr2         000000
__Hsfr3                     sfr3         000000
__Hsivt                     sivt         00000C
__Hspace_0                  (abs)        002000
__Hspace_1                  (abs)        0001B0
__Hspace_2                  (abs)        000000
__Hspace_3                  (abs)        000000
__Hspace_4                  (abs)        00400F
__Hstack                    stack        000000
__Hstrings                  strings      000000
__Htext                     text         000000
__L__absolute__             __absolute__ 000000
__Labs1                     abs1         000000
__Lbank0                    bank0        000000
__Lbank1                    bank1        000000
__Lbank2                    bank2        000000
__Lbank3                    bank3        000000
__LbssBANK0                 bssBANK0     000000
__LbssBANK1                 bssBANK1     000000
__LbssBANK2                 bssBANK2     000000
__LbssBANK3                 bssBANK3     000000
__LbssCOMMON                bssCOMMON    000000
__Lcinit                    cinit        00000F
__Lclrtext                  clrtext      000000
__Lcode                     code         000000
__Lcommon                   common       000000
__Lconfig                   config       000000
__LcstackBANK0              cstackBANK0  000000
__LcstackBANK1              cstackBANK1  000000
__LcstackCOMMON             cstackCOMMON 000000
__Leeprom_data              eeprom_data  000000
__Lend_init                 end_init     00000C
__Lfunctab                  functab      000000
__Lheap                     heap         000000
__Linit                     init         00000C
__Lintentry                 intentry     000004
__Lmaintext                 maintext     000000
__Lpowerup                  powerup      000000
__Lram                      ram          000000
__Lreset_vec                reset_vec    000000
__Lsfr0                     sfr0         000000
__Lsfr1                     sfr1         000000
__Lsfr2                     sfr2         000000
__Lsfr3                     sfr3         000000
__Lsivt                     sivt         00000C
__Lspace_0                  (abs)        000000
__Lspace_1                  (abs)        000000
__Lspace_2                  (abs)        000000
__Lspace_3                  (abs)        000000
__Lspace_4                  (abs)        000000
__Lstack                    stack        000000
__Lstrings                  strings      000000
__Ltext                     text         000000
__S0                        (abs)        002000
__S1                        (abs)        0001B0
__S3                        (abs)        000000
__Umul8_16                  text31       001DA4
__Umul8_16@multiplicand     cstackCOMMON 000072
__Umul8_16@multiplier       cstackBANK0  000024
__Umul8_16@product          cstackBANK0  000020
__Umul8_16@word_mpld        cstackBANK0  000022
___fladd                    text28       000A6E
___fladd@a                  cstackCOMMON 000076
___fladd@aexp               cstackBANK0  000029
___fladd@b                  cstackCOMMON 000072
___fladd@bexp               cstackBANK0  00002A
___fladd@grs                cstackBANK0  00002B
___fladd@signs              cstackBANK0  000028
___fldiv                    text34       00089E
___fldiv@a                  cstackCOMMON 000072
___fldiv@aexp               cstackBANK0  000031
___fldiv@b                  cstackCOMMON 000076
___fldiv@bexp               cstackBANK0  000030
___fldiv@grs                cstackBANK0  00002C
___fldiv@new_exp            cstackBANK0  00002A
___fldiv@rem                cstackBANK0  000025
___fldiv@sign               cstackBANK0  000029
___fleq                     text33       001039
___fleq@ff1                 cstackCOMMON 000072
___fleq@ff2                 cstackCOMMON 000076
___flge                     text32       00143F
___flge@ff1                 cstackBANK0  000040
___flge@ff2                 cstackBANK0  000044
___flmul                    text30       000CBE
___flmul@a                  cstackBANK0  00002A
___flmul@aexp               cstackBANK0  000034
___flmul@b                  cstackBANK0  000026
___flmul@bexp               cstackBANK0  000039
___flmul@grs                cstackBANK0  000035
___flmul@prod               cstackBANK0  00003A
___flmul@sign               cstackBANK0  000033
___flmul@temp               cstackBANK0  00003E
___flneg                    text29       001001
___flneg@f1                 cstackCOMMON 000072
___flsub                    text27       001D5B
___flsub@a                  cstackBANK0  000040
___flsub@b                  cstackBANK0  000044
___fltol                    text26       001329
___fltol@exp1               cstackBANK0  000021
___fltol@f1                 cstackCOMMON 000072
___fltol@sign1              cstackBANK0  000020
___fpclassifyf              text25       000811
___fpclassifyf@F465         bssBANK3     000194
___fpclassifyf@e            cstackBANK0  000026
___fpclassifyf@u            cstackBANK0  000028
___fpclassifyf@x            cstackCOMMON 000072
___heap_hi                  (abs)        000000
___heap_lo                  (abs)        000000
___int_sp                   stack        000000
___int_stack_hi             stack        000000
___int_stack_lo             stack        000000
___latbits                  (abs)        000002
___sp                       stack        000000
___stack_hi                 stack        000000
___stack_lo                 stack        000000
___stackhi                  (abs)        000000
___stacklo                  (abs)        000000
___wmul                     text15       001D7F
___wmul@multiplicand        cstackCOMMON 000074
___wmul@multiplier          cstackCOMMON 000072
___wmul@product             cstackCOMMON 000076
___xxtofl                   text4        00073B
___xxtofl@arg               cstackBANK0  000022
___xxtofl@exp               cstackBANK0  000021
___xxtofl@sign              cstackBANK0  000020
___xxtofl@val               cstackCOMMON 000072
__end_of_GPIO_Config        text41       001CBB
__end_of_ISR                text42       001F24
__end_of_LCD_CMD            text39       001D18
__end_of_LCD_Clear          text38       0007FE
__end_of_LCD_DATA           text40       001D5B
__end_of_LCD_Display_1      text10       001EA0
__end_of_LCD_Display_2      text9        001EE1
__end_of_LCD_Display_3      text8        0010DA
__end_of_LCD_Init           text7        001329
__end_of_LCD_Set_Cursor     text37       002000
__end_of_LCD_Write_Char     text36       001FB1
__end_of_LCD_Write_String   text35       001F6A
__end_of_TMR1_Init          text6        001CCB
__end_of_TMR2_Init          text5        000811
__end_of__Umul8_16          text31       001DCD
__end_of___fladd            text28       000CBE
__end_of___fldiv            text34       000A6E
__end_of___fleq             text33       001089
__end_of___flge             text32       0014E3
__end_of___flmul            text30       001000
__end_of___flneg            text29       00100C
__end_of___flsub            text27       001D7F
__end_of___fltol            text26       00139F
__end_of___fpclassifyf      text25       00089E
__end_of___wmul             text15       001DA4
__end_of___xxtofl           text4        0007F1
__end_of__initialization    cinit        00002E
__end_of__stringtab         strings      001810
__end_of_efgtoa             text16_split_1 00073B
__end_of_floorf             text24       001800
__end_of_fputc              text20       00143F
__end_of_fputs              text19       001E21
__end_of_labs               text23       001CE0
__end_of_main               maintext     00112B
__end_of_memcpy             text22       001D39
__end_of_pad                text18       001E5F
__end_of_putch              text21       0007FF
__end_of_read_prec_or_width text14       001182
__end_of_sprintf            text11       001039
__end_of_strcpy             text17       001CF9
__end_of_trigger_1          text3        0011E8
__end_of_trigger_2          text2        001250
__end_of_trigger_3          text1        0012B8
__end_of_vfpfcnvrt          text13       0015E6
__end_of_vfprintf           text12       001DF6
__initialization            cinit        00000F
__pbssBANK0                 bssBANK0     00006F
__pbssBANK1                 bssBANK1     0000DA
__pbssBANK2                 bssBANK2     000110
__pbssBANK3                 bssBANK3     000190
__pbssCOMMON                bssCOMMON    00007A
__pcstackBANK0              cstackBANK0  000020
__pcstackBANK1              cstackBANK1  0000A0
__pcstackCOMMON             cstackCOMMON 000070
__pintentry                 intentry     000004
__pmaintext                 maintext     0010DA
__pstrings                  strings      001800
__ptext1                    text1        001250
__ptext10                   text10       001E5F
__ptext11                   text11       00100C
__ptext12                   text12       001DCD
__ptext13                   text13       0014E3
__ptext14                   text14       00112B
__ptext15                   text15       001D7F
__ptext16                   text16       0015E6
__ptext17                   text17       001CE0
__ptext18                   text18       001E21
__ptext19                   text19       001DF6
__ptext2                    text2        0011E8
__ptext20                   text20       00139F
__ptext21                   text21       0007FE
__ptext22                   text22       001D18
__ptext23                   text23       001CCB
__ptext24                   text24       0016F1
__ptext25                   text25       000811
__ptext26                   text26       001329
__ptext27                   text27       001D5B
__ptext28                   text28       000A6E
__ptext29                   text29       001001
__ptext3                    text3        001182
__ptext30                   text30       000CBE
__ptext31                   text31       001DA4
__ptext32                   text32       00143F
__ptext33                   text33       001039
__ptext34                   text34       00089E
__ptext35                   text35       001F24
__ptext36                   text36       001F6A
__ptext37                   text37       001FB1
__ptext38                   text38       0007F1
__ptext39                   text39       001CF9
__ptext4                    text4        00073B
__ptext40                   text40       001D39
__ptext41                   text41       001CB2
__ptext42                   text42       001EE1
__ptext5                    text5        000801
__ptext6                    text6        001CBB
__ptext7                    text7        0012B8
__ptext8                    text8        001089
__ptext9                    text9        001EA0
__stringbase                strings      00180F
__stringtab                 strings      001800
_buffer                     bssBANK3     00019C
_data                       bssBANK1     0000DA
_dbuf                       bssBANK2     000110
_efgtoa                     text16       0015E6
_efgtoa$994                 cstackBANK1  0000A6
_flags                      bssBANK1     0000EC
_floorf                     text24       0016F1
_fputc                      text20       00139F
_fputs                      text19       001DF6
_labs                       text23       001CCB
_main                       maintext     0010DA
_memcpy                     text22       001D18
_pad                        text18       001E21
_prec                       bssBANK1     0000E8
_putch                      text21       0007FE
_read_prec_or_width         text14       00112B
_sprintf                    text11       00100C
_strcpy                     text17       001CE0
_trigger_1                  text3        001182
_trigger_2                  text2        0011E8
_trigger_3                  text1        001250
_updateSensor1              bssCOMMON    00007B
_updateSensor2              bssCOMMON    00007A
_updateSensor3              bssBANK0     00006F
_value_1                    bssBANK1     0000E2
_value_2                    bssBANK1     0000DE
_value_3                    bssBANK3     000198
_vfpfcnvrt                  text13       0014E3
_vfprintf                   text12       001DCD
_width                      bssBANK1     0000E6
btemp                       (abs)        00007E
clear_ram0                  clrtext      001CAA
efgtoa@c                    cstackBANK0  000052
efgtoa@d                    cstackBANK1  0000AB
efgtoa@e                    cstackBANK1  0000AF
efgtoa@f                    cstackBANK0  00004E
efgtoa@fp                   cstackBANK0  00004C
efgtoa@g                    cstackBANK1  0000C2
efgtoa@h                    cstackBANK1  0000B9
efgtoa@i                    cstackBANK1  0000B7
efgtoa@l                    cstackBANK1  0000BD
efgtoa@m                    cstackBANK1  0000AD
efgtoa@mode                 cstackBANK1  0000A9
efgtoa@n                    cstackBANK1  0000C6
efgtoa@ne                   cstackBANK1  0000A0
efgtoa@nmode                cstackBANK1  0000AA
efgtoa@ou                   cstackBANK1  0000B3
efgtoa@p                    cstackBANK1  0000A2
efgtoa@pp                   cstackBANK1  0000A8
efgtoa@sign                 cstackBANK1  0000C1
efgtoa@t                    cstackBANK1  0000A4
efgtoa@u                    cstackBANK1  0000C8
efgtoa@w                    cstackBANK1  0000B1
end_of_initialization       cinit        00002E
floorf@F521                 bssBANK3     000190
floorf@e                    cstackBANK0  000040
floorf@m                    cstackBANK0  00003C
floorf@u                    cstackBANK0  000042
floorf@x                    cstackBANK0  000032
fputc@c                     cstackCOMMON 000072
fputc@fp                    cstackCOMMON 000074
fputs@c                     cstackBANK0  00002B
fputs@fp                    cstackCOMMON 000077
fputs@i                     cstackBANK0  00002C
fputs@s                     cstackCOMMON 000076
interrupt_function          intentry     000004
intlevel0                   functab      000000
intlevel1                   functab      000000
intlevel2                   functab      000000
intlevel3                   functab      000000
intlevel4                   functab      000000
intlevel5                   functab      000000
labs@a                      cstackCOMMON 000072
memcpy@d                    cstackCOMMON 000077
memcpy@d1                   cstackCOMMON 000072
memcpy@n                    cstackCOMMON 000074
memcpy@s                    cstackCOMMON 000078
memcpy@s1                   cstackCOMMON 000073
memcpy@tmp                  cstackCOMMON 000076
pad@buf                     cstackBANK0  000030
pad@fp                      cstackBANK0  00002E
pad@i                       cstackBANK0  000033
pad@p                       cstackBANK0  000031
pnum$text16                 (abs)        00001D
pnum$text16_split_1         (abs)        00003A
psplit$0                    (abs)        1D003A
read_prec_or_width@ap       cstackCOMMON 000079
read_prec_or_width@c        cstackBANK0  000020
read_prec_or_width@fmt      cstackCOMMON 000078
read_prec_or_width@n        cstackBANK0  000021
reset_vec                   reset_vec    000000
saved_w                     (abs)        00007E
sprintf@ap                  cstackBANK0  000061
sprintf@f                   cstackBANK0  000062
sprintf@fmt                 cstackBANK1  0000D5
sprintf@s                   cstackBANK1  0000D4
start                       init         00000C
start_initialization        cinit        00000F
strcpy@d                    cstackCOMMON 000074
strcpy@dest                 cstackCOMMON 000072
strcpy@src                  cstackCOMMON 000073
vfpfcnvrt@ap                cstackBANK1  0000CF
vfpfcnvrt@c                 cstackBANK0  00005D
vfpfcnvrt@convarg           cstackBANK0  000059
vfpfcnvrt@cp                cstackBANK0  00005E
vfpfcnvrt@fmt               cstackBANK1  0000CE
vfpfcnvrt@fp                cstackBANK1  0000CC
vfprintf@ap                 cstackBANK1  0000D3
vfprintf@cfmt               cstackBANK0  00005F
vfprintf@fmt                cstackBANK1  0000D2
vfprintf@fp                 cstackBANK1  0000D0
wtemp0                      (abs)        00007E


MODULE INFORMATION

Module		Function		Class		Link	Load	Size
C:\Program Files\Microchip\xc8\v3.00\pic\sources\c99\common\flge.c
		___flge        		CODE           	143F	0000	164

C:\Program Files\Microchip\xc8\v3.00\pic\sources\c99\common\flge.c estimated size: 164

C:\Program Files\Microchip\xc8\v3.00\pic\sources\c99\common\nf_fputc.c
		_fputc         		CODE           	139F	0000	160

C:\Program Files\Microchip\xc8\v3.00\pic\sources\c99\common\nf_fputc.c estimated size: 160

C:\Program Files\Microchip\xc8\v3.00\pic\sources\c99\common\memcpy.c
		_memcpy        		CODE           	1D18	0000	33

C:\Program Files\Microchip\xc8\v3.00\pic\sources\c99\common\memcpy.c estimated size: 33

C:\Program Files\Microchip\xc8\v3.00\pic\sources\c99\common\flneg.c
		___flneg       		CODE           	1001	0000	11

C:\Program Files\Microchip\xc8\v3.00\pic\sources\c99\common\flneg.c estimated size: 11

C:\Program Files\Microchip\xc8\v3.00\pic\sources\c99\common\__fpclassifyf.c
		___fpclassifyf 		CODE           	0811	0000	141

C:\Program Files\Microchip\xc8\v3.00\pic\sources\c99\common\__fpclassifyf.c estimated size: 141

C:\Program Files\Microchip\xc8\v3.00\pic\sources\c99\common\Umul16.c
		___wmul        		CODE           	1D7F	0000	37

C:\Program Files\Microchip\xc8\v3.00\pic\sources\c99\common\Umul16.c estimated size: 37

C:\Program Files\Microchip\xc8\v3.00\pic\sources\c99\common\nf_sprintf.c
		_sprintf       		CODE           	100C	0000	45

C:\Program Files\Microchip\xc8\v3.00\pic\sources\c99\common\nf_sprintf.c estimated size: 45

C:\Program Files\Microchip\xc8\v3.00\pic\sources\c99\common\floorf.c
		_floorf        		CODE           	16F1	0000	271

C:\Program Files\Microchip\xc8\v3.00\pic\sources\c99\common\floorf.c estimated size: 271

C:\Program Files\Microchip\xc8\v3.00\pic\sources\c99\common\putch.c
		_putch         		CODE           	07FE	0000	1

C:\Program Files\Microchip\xc8\v3.00\pic\sources\c99\common\putch.c estimated size: 1

C:\Program Files\Microchip\xc8\v3.00\pic\sources\c99\common\fleq.c
		___fleq        		CODE           	1039	0000	80

C:\Program Files\Microchip\xc8\v3.00\pic\sources\c99\common\fleq.c estimated size: 80

C:\Program Files\Microchip\xc8\v3.00\pic\sources\c99\common\sprcmul.c
		___flmul       		CODE           	0CBE	0000	834

C:\Program Files\Microchip\xc8\v3.00\pic\sources\c99\common\sprcmul.c estimated size: 834

C:\Program Files\Microchip\xc8\v3.00\pic\sources\c99\common\sprcdiv.c
		___fldiv       		CODE           	089E	0000	464

C:\Program Files\Microchip\xc8\v3.00\pic\sources\c99\common\sprcdiv.c estimated size: 464

shared
		__stringtab    		STRING         	1800	0000	16
		__initialization		CODE           	000F	0000	31

shared estimated size: 47

C:\Program Files\Microchip\xc8\v3.00\pic\sources\c99\common\xxtofl.c
		___xxtofl      		CODE           	073B	0000	182

C:\Program Files\Microchip\xc8\v3.00\pic\sources\c99\common\xxtofl.c estimated size: 182

C:\Program Files\Microchip\xc8\v3.00\pic\sources\c99\common\nf_fputs.c
		_fputs         		CODE           	1DF6	0000	43

C:\Program Files\Microchip\xc8\v3.00\pic\sources\c99\common\nf_fputs.c estimated size: 43

C:\Program Files\Microchip\xc8\v3.00\pic\sources\c99\common\strcpy.c
		_strcpy        		CODE           	1CE0	0000	25

C:\Program Files\Microchip\xc8\v3.00\pic\sources\c99\common\strcpy.c estimated size: 25

lcd.c
		_LCD_Init      		CODE           	12B8	0000	113
		_LCD_Write_Char		CODE           	1F6A	0000	71
		_LCD_CMD       		CODE           	1CF9	0000	31
		_LCD_DATA      		CODE           	1D39	0000	34
		_LCD_Set_Cursor		CODE           	1FB1	0000	79
		_LCD_Clear     		CODE           	07F1	0000	13
		_LCD_Write_String		CODE           	1F24	0000	70

lcd.c estimated size: 411

C:\Program Files\Microchip\xc8\v3.00\pic\sources\c99\common\fltol.c
		___fltol       		CODE           	1329	0000	118

C:\Program Files\Microchip\xc8\v3.00\pic\sources\c99\common\fltol.c estimated size: 118

C:\Program Files\Microchip\xc8\v3.00\pic\sources\c99\common\labs.c
		_labs          		CODE           	1CCB	0000	21

C:\Program Files\Microchip\xc8\v3.00\pic\sources\c99\common\labs.c estimated size: 21

main.c
		_trigger_1     		CODE           	1182	0000	102
		_trigger_2     		CODE           	11E8	0000	104
		_trigger_3     		CODE           	1250	0000	104
		_ISR           		CODE           	1EE1	0000	67
		_GPIO_Config   		CODE           	1CB2	0000	9
		_main          		CODE           	10DA	0000	81
		_LCD_Display_1 		CODE           	1E5F	0000	65
		_LCD_Display_2 		CODE           	1EA0	0000	65
		_LCD_Display_3 		CODE           	1089	0000	81
		_TMR1_Init     		CODE           	1CBB	0000	16
		_TMR2_Init     		CODE           	0801	0000	16

main.c estimated size: 710

C:\Program Files\Microchip\xc8\v3.00\pic\sources\c99\common\doprnt.c
		_read_prec_or_width		CODE           	112B	0000	87
		_vfpfcnvrt     		CODE           	14E3	0000	259
		_efgtoa        		CODE           	15E6	0000	2068
		_pad           		CODE           	1E21	0000	62
		_vfprintf      		CODE           	1DCD	0000	41

C:\Program Files\Microchip\xc8\v3.00\pic\sources\c99\common\doprnt.c estimated size: 2517

C:\Program Files\Microchip\xc8\v3.00\pic\sources\c99\common\sprcadd.c
		___flsub       		CODE           	1D5B	0000	36
		___fladd       		CODE           	0A6E	0000	592

C:\Program Files\Microchip\xc8\v3.00\pic\sources\c99\common\sprcadd.c estimated size: 628

C:\Program Files\Microchip\xc8\v3.00\pic\sources\c99\common\Umul8_16.c
		__Umul8_16     		CODE           	1DA4	0000	41

C:\Program Files\Microchip\xc8\v3.00\pic\sources\c99\common\Umul8_16.c estimated size: 41

