Microchip MPLAB XC8 Compiler V3.00

Linker command line:

-W-3 \
  --edf=C:\Program Files\Microchip\xc8\v3.00\pic\dat\20241204225717_en.msgs \
  -cn -h+dist/default/production\lcd_test.X.production.sym \
  --cmf=dist/default/production\lcd_test.X.production.cmf -z -Q16F877 \
  -oC:\Users\PC\AppData\Local\Temp\xcAsngc.\driver_tmp_3.o \
  --defsym=__MPLAB_BUILD=1 --fixupoverflow=error \
  -Mdist/default/production/lcd_test.X.production.map \
  --md=C:\Users\PC\AppData\Local\Temp\xcAsngc.\driver_tmp_0.dat -E1 \
  -ver=XC8 Compiler -ACODE=00h-07FFhx4 -ASTRCODE=00h-01FFFh \
  -ASTRING=00h-0FFhx32 -ACONST=00h-0FFhx32 -AENTRY=00h-0FFhx32 \
  -ACOMMON=070h-07Fh -ABANK0=020h-06Fh -ABANK1=0A0h-0EFh \
  -ABANK2=0110h-016Fh -ABANK3=0190h-01EFh \
  -ARAM=020h-06Fh,0A0h-0EFh,0110h-016Fh,0190h-01EFh \
  -AABS1=020h-07Fh,0A0h-0EFh,0110h-016Fh,0190h-01EFh -ASFR0=00h-01Fh \
  -ASFR1=080h-09Fh -ASFR2=0100h-010Fh -ASFR3=0180h-018Fh \
  -ACONFIG=02007h-02007h -DCONFIG=2 -AIDLOC=02000h-02003h -DIDLOC=2 \
  -AEEDATA=00h-0FFh/02100h -peeprom_data=EEDATA -DEEDATA=2 -DCODE=2 \
  -DSTRCODE=2 -DSTRING=2 -DCONST=2 -DENTRY=2 \
  -preset_vec=00h,intentry,sivt,init,end_init -ppowerup=CODE -pcinit=CODE \
  -pfunctab=ENTRY -k \
  C:\Users\PC\AppData\Local\Temp\xcAsngc.\driver_tmp_12.o \
  dist/default/production\lcd_test.X.production.o 

Object code version is 3.11

Machine type is 16F877



                Name                               Link     Load   Length Selector   Space Scale
C:\Users\PC\AppData\Local\Temp\xcAsngc.\driver_tmp_12.o
                end_init                              0        0        3        0       0
                config                             2007     2007        1        0       4
dist/default/production\lcd_test.X.production.o
                cinit                               7FC      7FC        4      FF8       0
                config                             2007     2007        1        0       4
                text7                               65C      65C       22      CB8       0
                text6                               67E      67E       23      CFC       0
                text5                               64F      64F        D      C9E       0
                text4                               789      789       73      F12       0
                text3                               6F1      6F1       47      DE2       0
                text2                               738      738       51      E70       0
                text1                               6A1      6A1       24      D42       0
                maintext                            6C5      6C5       2C      D8A       0
                cstackCOMMON                         70       70        A       70       1
                strings                               3        3       15        6       0

TOTAL           Name                               Link     Load   Length     Space
        CLASS   CODE           
                end_init                              0        0        3         0
                cinit                               7FC      7FC        4         0
                text7                               65C      65C       22         0
                text6                               67E      67E       23         0
                text5                               64F      64F        D         0
                text4                               789      789       73         0
                text3                               6F1      6F1       47         0
                text2                               738      738       51         0
                text1                               6A1      6A1       24         0
                maintext                            6C5      6C5       2C         0

        CLASS   STRCODE        

        CLASS   STRING         
                strings                               3        3       15         0

        CLASS   CONST          

        CLASS   ENTRY          

        CLASS   COMMON         
                cstackCOMMON                         70       70        A         1

        CLASS   BANK0          

        CLASS   BANK1          

        CLASS   BANK2          

        CLASS   BANK3          

        CLASS   RAM            

        CLASS   ABS1           
                abs_s1                               7E       7E        2         1

        CLASS   SFR0           

        CLASS   SFR1           

        CLASS   SFR2           

        CLASS   SFR3           

        CLASS   CONFIG         
                config                             2007     2007        1         4

        CLASS   IDLOC          

        CLASS   EEDATA         

        CLASS   HEAP           

        CLASS   STACK          



SEGMENTS        Name                           Load    Length   Top    Selector   Space  Class     Delta

                reset_vec                      000000  000003  000003         0       0  CODE        2
                strings                        000003  000015  000018         6       0  STRING      2
                cstackCOMMON                   000070  00000A  00007A        70       1  COMMON      1
                text5                          00064F  00000D  00065C       C9E       0  CODE        2
                text7                          00065C  000022  00067E       CB8       0  CODE        2
                text6                          00067E  000023  0006A1       CFC       0  CODE        2
                text1                          0006A1  000024  0006C5       D42       0  CODE        2
                maintext                       0006C5  00002C  0006F1       D8A       0  CODE        2
                text3                          0006F1  000047  000738       DE2       0  CODE        2
                text2                          000738  000051  000789       E70       0  CODE        2
                text4                          000789  000073  0007FC       F12       0  CODE        2
                cinit                          0007FC  000004  000800       FF8       0  CODE        2


UNUSED ADDRESS RANGES

        Name                Unused          Largest block    Delta
        BANK0            0020-006F             50           1
        BANK1            00A0-00EF             50           1
        BANK2            0110-016F             60           1
        BANK3            0190-01EF             60           1
        CODE             0018-064E            637           2
                         0800-1FFF            800
        COMMON           007A-007D              4           1
        CONST            0018-064E            100           2
                         0800-1FFF            100
        EEDATA           2100-21FF            100           2
        ENTRY            0018-064E            100           2
                         0800-1FFF            100
        IDLOC            2000-2003              4           2
        RAM              0020-006F             50           1
                         00A0-00EF             50
                         0110-016F             60
                         0190-01EF             60
        SFR0             0000-001F             20           1
        SFR1             0080-009F             20           1
        SFR2             0100-010F             10           1
        SFR3             0180-018F             10           1
        STRCODE          0018-064E            637           2
                         0800-1FFF           1800
        STRING           0018-064E            100           2
                         0800-1FFF            100

                                  Symbol Table

LCD_CMD@CMD               cstackCOMMON 0073
LCD_DATA@data             cstackCOMMON 0070
LCD_Set_Cursor@c          cstackCOMMON 0074
LCD_Set_Cursor@high4      cstackCOMMON 0077
LCD_Set_Cursor@low4       cstackCOMMON 0078
LCD_Set_Cursor@r          cstackCOMMON 0076
LCD_Set_Cursor@temp       cstackCOMMON 0079
LCD_Write_Char@data       cstackCOMMON 0075
LCD_Write_Char@high4      cstackCOMMON 0074
LCD_Write_Char@low4       cstackCOMMON 0073
LCD_Write_String@i        cstackCOMMON 0077
LCD_Write_String@str      cstackCOMMON 0076
_LCD_CMD                  text6        067E
_LCD_Clear                text5        064F
_LCD_DATA                 text7        065C
_LCD_Init                 text4        0789
_LCD_Set_Cursor           text3        06F1
_LCD_Write_Char           text2        0738
_LCD_Write_String         text1        06A1
_PORTBbits                (abs)        0006
_TRISB                    (abs)        0086
_TRISBbits                (abs)        0086
__H__absolute__           __absolute__ 0000
__Habs1                   abs1         0000
__Hbank0                  bank0        0000
__Hbank1                  bank1        0000
__Hbank2                  bank2        0000
__Hbank3                  bank3        0000
__Hcinit                  cinit        0800
__Hclrtext                clrtext      0000
__Hcode                   code         0000
__Hcommon                 common       0000
__Hconfig                 config       2008
__HcstackCOMMON           cstackCOMMON 0000
__Heeprom_data            eeprom_data  0000
__Hend_init               end_init     0003
__Hfunctab                functab      0000
__Hheap                   heap         0000
__Hinit                   init         0000
__Hintentry               intentry     0000
__Hmaintext               maintext     0000
__Hpowerup                powerup      0000
__Hram                    ram          0000
__Hreset_vec              reset_vec    0000
__Hsfr0                   sfr0         0000
__Hsfr1                   sfr1         0000
__Hsfr2                   sfr2         0000
__Hsfr3                   sfr3         0000
__Hsivt                   sivt         0000
__Hspace_0                (abs)        0800
__Hspace_1                (abs)        007A
__Hspace_2                (abs)        0000
__Hspace_3                (abs)        0000
__Hspace_4                (abs)        400F
__Hstack                  stack        0000
__Hstrings                strings      0000
__Htext                   text         0000
__L__absolute__           __absolute__ 0000
__Labs1                   abs1         0000
__Lbank0                  bank0        0000
__Lbank1                  bank1        0000
__Lbank2                  bank2        0000
__Lbank3                  bank3        0000
__Lcinit                  cinit        07FC
__Lclrtext                clrtext      0000
__Lcode                   code         0000
__Lcommon                 common       0000
__Lconfig                 config       0000
__LcstackCOMMON           cstackCOMMON 0000
__Leeprom_data            eeprom_data  0000
__Lend_init               end_init     0000
__Lfunctab                functab      0000
__Lheap                   heap         0000
__Linit                   init         0000
__Lintentry               intentry     0000
__Lmaintext               maintext     0000
__Lpowerup                powerup      0000
__Lram                    ram          0000
__Lreset_vec              reset_vec    0000
__Lsfr0                   sfr0         0000
__Lsfr1                   sfr1         0000
__Lsfr2                   sfr2         0000
__Lsfr3                   sfr3         0000
__Lsivt                   sivt         0000
__Lspace_0                (abs)        0000
__Lspace_1                (abs)        0000
__Lspace_2                (abs)        0000
__Lspace_3                (abs)        0000
__Lspace_4                (abs)        0000
__Lstack                  stack        0000
__Lstrings                strings      0000
__Ltext                   text         0000
__S0                      (abs)        0800
__S1                      (abs)        007A
__S3                      (abs)        0000
___heap_hi                (abs)        0000
___heap_lo                (abs)        0000
___int_sp                 stack        0000
___int_stack_hi           stack        0000
___int_stack_lo           stack        0000
___latbits                (abs)        0002
___sp                     stack        0000
___stack_hi               stack        0000
___stack_lo               stack        0000
___stackhi                (abs)        0000
___stacklo                (abs)        0000
__end_of_LCD_CMD          text6        06A1
__end_of_LCD_Clear        text5        065C
__end_of_LCD_DATA         text7        067E
__end_of_LCD_Init         text4        07FC
__end_of_LCD_Set_Cursor   text3        0738
__end_of_LCD_Write_Char   text2        0789
__end_of_LCD_Write_String text1        06C5
__end_of__initialization  cinit        07FC
__end_of__stringtab       strings      0009
__end_of_main             maintext     06F1
__initialization          cinit        07FC
__pcstackCOMMON           cstackCOMMON 0070
__pmaintext               maintext     06C5
__pstrings                strings      0003
__ptext1                  text1        06A1
__ptext2                  text2        0738
__ptext3                  text3        06F1
__ptext4                  text4        0789
__ptext5                  text5        064F
__ptext6                  text6        067E
__ptext7                  text7        065C
__stringbase              strings      0008
__stringtab               strings      0003
_main                     maintext     06C5
btemp                     (abs)        007E
end_of_initialization     cinit        07FC
intlevel0                 functab      0000
intlevel1                 functab      0000
intlevel2                 functab      0000
intlevel3                 functab      0000
intlevel4                 functab      0000
intlevel5                 functab      0000
reset_vec                 reset_vec    0000
start                     init         0000
start_initialization      cinit        07FC
wtemp0                    (abs)        007E


MODULE INFORMATION

Module		Function		Class		Link	Load	Size
shared
		__stringtab    		STRING         	0003	0000	6
		__initialization		CODE           	07FC	0000	1

shared estimated size: 7

lcd.c
		_LCD_Init      		CODE           	0789	0000	115
		_LCD_Write_Char		CODE           	0738	0000	81
		_LCD_CMD       		CODE           	067E	0000	35
		_LCD_DATA      		CODE           	065C	0000	34
		_LCD_Set_Cursor		CODE           	06F1	0000	71
		_LCD_Clear     		CODE           	064F	0000	13
		_LCD_Write_String		CODE           	06A1	0000	36

lcd.c estimated size: 385

main.c
		_main          		CODE           	06C5	0000	44

main.c estimated size: 44

