Microchip MPLAB XC8 Compiler V3.00

Linker command line:

-W-3 \
  --edf=C:\Program Files\Microchip\xc8\v3.00\pic\dat\20241204225717_en.msgs \
  -cn -h+dist/default/production\LCD_16x2_LAB2.X.production.sym \
  --cmf=dist/default/production\LCD_16x2_LAB2.X.production.cmf -z -Q16F877 \
  -oC:\Users\PC\AppData\Local\Temp\xcAsjag.\driver_tmp_3.o \
  --defsym=__MPLAB_BUILD=1 --fixupoverflow=error \
  -Mdist/default/production/LCD_16x2_LAB2.X.production.map \
  --md=C:\Users\PC\AppData\Local\Temp\xcAsjag.\driver_tmp_0.dat -E1 \
  -ver=XC8 Compiler -ACODE=00h-07FFhx4 -ASTRCODE=00h-01FFFh \
  -ASTRING=00h-0FFhx32 -ACONST=00h-0FFhx32 -AENTRY=00h-0FFhx32 \
  -ACOMMON=070h-07Fh -ABANK0=020h-06Fh -ABANK1=0A0h-0EFh \
  -ABANK2=0110h-016Fh -ABANK3=0190h-01EFh \
  -ARAM=020h-06Fh,0A0h-0EFh,0110h-016Fh,0190h-01EFh \
  -AABS1=020h-07Fh,0A0h-0EFh,0110h-016Fh,0190h-01EFh -ASFR0=00h-01Fh \
  -ASFR1=080h-09Fh -ASFR2=0100h-010Fh -ASFR3=0180h-018Fh \
  -ACONFIG=02007h-02007h -DCONFIG=2 -AIDLOC=02000h-02003h -DIDLOC=2 \
  -AEEDATA=00h-0FFh/02100h -peeprom_data=EEDATA -DEEDATA=2 -DCODE=2 \
  -DSTRCODE=2 -DSTRING=2 -DCONST=2 -DENTRY=2 \
  -preset_vec=00h,intentry,sivt,init,end_init -ppowerup=CODE -pcinit=CODE \
  -pfunctab=ENTRY -k \
  C:\Users\PC\AppData\Local\Temp\xcAsjag.\driver_tmp_12.o \
  dist/default/production\LCD_16x2_LAB2.X.production.o 

Object code version is 3.11

Machine type is 16F877



                Name                               Link     Load   Length Selector   Space Scale
C:\Users\PC\AppData\Local\Temp\xcAsjag.\driver_tmp_12.o
                end_init                              0        0        3        0       0
                config                             2007     2007        1        0       4
dist/default/production\LCD_16x2_LAB2.X.production.o
                cinit                               7FC      7FC        4      FF8       0
                config                             2007     2007        1        0       4
                text9                               628      628       22      C50       0
                text8                               64A      64A       23      C94       0
                text7                               5E2      5E2        D      BC4       0
                text6                               707      707       73      E0E       0
                text5                               5EF      5EF        D      BDE       0
                text4                               5FC      5FC        D      BF8       0
                text3                               66D      66D       48      CDA       0
                text2                               6B5      6B5       52      D6A       0
                text1                               609      609       1F      C12       0
                maintext                            77A      77A       82      EF4       0
                cstackBANK0                          20       20        4       20       1
                cstackCOMMON                         70       70        D       70       1
                strings                               3        3       15        6       0

TOTAL           Name                               Link     Load   Length     Space
        CLASS   CODE           
                end_init                              0        0        3         0
                cinit                               7FC      7FC        4         0
                text9                               628      628       22         0
                text8                               64A      64A       23         0
                text7                               5E2      5E2        D         0
                text6                               707      707       73         0
                text5                               5EF      5EF        D         0
                text4                               5FC      5FC        D         0
                text3                               66D      66D       48         0
                text2                               6B5      6B5       52         0
                text1                               609      609       1F         0
                maintext                            77A      77A       82         0

        CLASS   STRCODE        

        CLASS   STRING         
                strings                               3        3       15         0

        CLASS   CONST          

        CLASS   ENTRY          

        CLASS   COMMON         
                cstackCOMMON                         70       70        D         1

        CLASS   BANK0          
                cstackBANK0                          20       20        4         1

        CLASS   BANK1          

        CLASS   BANK2          

        CLASS   BANK3          

        CLASS   RAM            

        CLASS   ABS1           
                abs_s1                               7E       7E        2         1

        CLASS   SFR0           

        CLASS   SFR1           

        CLASS   SFR2           

        CLASS   SFR3           

        CLASS   CONFIG         
                config                             2007     2007        1         4

        CLASS   IDLOC          

        CLASS   EEDATA         

        CLASS   HEAP           

        CLASS   STACK          



SEGMENTS        Name                           Load    Length   Top    Selector   Space  Class     Delta

                reset_vec                      000000  000003  000003         0       0  CODE        2
                strings                        000003  000015  000018         6       0  STRING      2
                cstackBANK0                    000020  000004  000024        20       1  BANK0       1
                cstackCOMMON                   000070  00000D  00007D        70       1  COMMON      1
                text7                          0005E2  00000D  0005EF       BC4       0  CODE        2
                text5                          0005EF  00000D  0005FC       BDE       0  CODE        2
                text4                          0005FC  00000D  000609       BF8       0  CODE        2
                text1                          000609  00001F  000628       C12       0  CODE        2
                text9                          000628  000022  00064A       C50       0  CODE        2
                text8                          00064A  000023  00066D       C94       0  CODE        2
                text3                          00066D  000048  0006B5       CDA       0  CODE        2
                text2                          0006B5  000052  000707       D6A       0  CODE        2
                text6                          000707  000073  00077A       E0E       0  CODE        2
                maintext                       00077A  000082  0007FC       EF4       0  CODE        2
                cinit                          0007FC  000004  000800       FF8       0  CODE        2


UNUSED ADDRESS RANGES

        Name                Unused          Largest block    Delta
        BANK0            0024-006F             4C           1
        BANK1            00A0-00EF             50           1
        BANK2            0110-016F             60           1
        BANK3            0190-01EF             60           1
        CODE             0018-05E1            5CA           2
                         0800-1FFF            800
        COMMON           007D-007D              1           1
        CONST            0018-05E1            100           2
                         0800-1FFF            100
        EEDATA           2100-21FF            100           2
        ENTRY            0018-05E1            100           2
                         0800-1FFF            100
        IDLOC            2000-2003              4           2
        RAM              0024-006F             4C           1
                         00A0-00EF             50
                         0110-016F             60
                         0190-01EF             60
        SFR0             0000-001F             20           1
        SFR1             0080-009F             20           1
        SFR2             0100-010F             10           1
        SFR3             0180-018F             10           1
        STRCODE          0018-05E1            5CA           2
                         0800-1FFF           1800
        STRING           0018-05E1            100           2
                         0800-1FFF            100

                                  Symbol Table

LCD_CMD@cmd               cstackCOMMON 0073
LCD_DATA@data             cstackCOMMON 0070
LCD_Set_Cursor@c          cstackCOMMON 0074
LCD_Set_Cursor@high4      cstackCOMMON 0077
LCD_Set_Cursor@low4       cstackCOMMON 0078
LCD_Set_Cursor@r          cstackCOMMON 0076
LCD_Set_Cursor@temp       cstackCOMMON 0079
LCD_Write_Char@data       cstackCOMMON 0075
LCD_Write_Char@high4      cstackCOMMON 0073
LCD_Write_Char@low4       cstackCOMMON 0074
LCD_Write_String@i        cstackCOMMON 0077
LCD_Write_String@str      cstackCOMMON 0076
_LCD_CMD                  text8        064A
_LCD_Clear                text7        05E2
_LCD_DATA                 text9        0628
_LCD_Init                 text6        0707
_LCD_SL                   text5        05EF
_LCD_SR                   text4        05FC
_LCD_Set_Cursor           text3        066D
_LCD_Write_Char           text2        06B5
_LCD_Write_String         text1        0609
_PORTBbits                (abs)        0006
_TRISB                    (abs)        0086
_TRISBbits                (abs)        0086
__H__absolute__           __absolute__ 0000
__Habs1                   abs1         0000
__Hbank0                  bank0        0000
__Hbank1                  bank1        0000
__Hbank2                  bank2        0000
__Hbank3                  bank3        0000
__Hcinit                  cinit        0800
__Hclrtext                clrtext      0000
__Hcode                   code         0000
__Hcommon                 common       0000
__Hconfig                 config       2008
__HcstackBANK0            cstackBANK0  0000
__HcstackCOMMON           cstackCOMMON 0000
__Heeprom_data            eeprom_data  0000
__Hend_init               end_init     0003
__Hfunctab                functab      0000
__Hheap                   heap         0000
__Hinit                   init         0000
__Hintentry               intentry     0000
__Hmaintext               maintext     0000
__Hpowerup                powerup      0000
__Hram                    ram          0000
__Hreset_vec              reset_vec    0000
__Hsfr0                   sfr0         0000
__Hsfr1                   sfr1         0000
__Hsfr2                   sfr2         0000
__Hsfr3                   sfr3         0000
__Hsivt                   sivt         0000
__Hspace_0                (abs)        0800
__Hspace_1                (abs)        007D
__Hspace_2                (abs)        0000
__Hspace_3                (abs)        0000
__Hspace_4                (abs)        400F
__Hstack                  stack        0000
__Hstrings                strings      0000
__Htext                   text         0000
__L__absolute__           __absolute__ 0000
__Labs1                   abs1         0000
__Lbank0                  bank0        0000
__Lbank1                  bank1        0000
__Lbank2                  bank2        0000
__Lbank3                  bank3        0000
__Lcinit                  cinit        07FC
__Lclrtext                clrtext      0000
__Lcode                   code         0000
__Lcommon                 common       0000
__Lconfig                 config       0000
__LcstackBANK0            cstackBANK0  0000
__LcstackCOMMON           cstackCOMMON 0000
__Leeprom_data            eeprom_data  0000
__Lend_init               end_init     0000
__Lfunctab                functab      0000
__Lheap                   heap         0000
__Linit                   init         0000
__Lintentry               intentry     0000
__Lmaintext               maintext     0000
__Lpowerup                powerup      0000
__Lram                    ram          0000
__Lreset_vec              reset_vec    0000
__Lsfr0                   sfr0         0000
__Lsfr1                   sfr1         0000
__Lsfr2                   sfr2         0000
__Lsfr3                   sfr3         0000
__Lsivt                   sivt         0000
__Lspace_0                (abs)        0000
__Lspace_1                (abs)        0000
__Lspace_2                (abs)        0000
__Lspace_3                (abs)        0000
__Lspace_4                (abs)        0000
__Lstack                  stack        0000
__Lstrings                strings      0000
__Ltext                   text         0000
__S0                      (abs)        0800
__S1                      (abs)        007D
__S3                      (abs)        0000
___heap_hi                (abs)        0000
___heap_lo                (abs)        0000
___int_sp                 stack        0000
___int_stack_hi           stack        0000
___int_stack_lo           stack        0000
___latbits                (abs)        0002
___sp                     stack        0000
___stack_hi               stack        0000
___stack_lo               stack        0000
___stackhi                (abs)        0000
___stacklo                (abs)        0000
__end_of_LCD_CMD          text8        066D
__end_of_LCD_Clear        text7        05EF
__end_of_LCD_DATA         text9        064A
__end_of_LCD_Init         text6        077A
__end_of_LCD_SL           text5        05FC
__end_of_LCD_SR           text4        0609
__end_of_LCD_Set_Cursor   text3        06B5
__end_of_LCD_Write_Char   text2        0707
__end_of_LCD_Write_String text1        0628
__end_of__initialization  cinit        07FC
__end_of__stringtab       strings      0009
__end_of_main             maintext     07FC
__initialization          cinit        07FC
__pcstackBANK0            cstackBANK0  0020
__pcstackCOMMON           cstackCOMMON 0070
__pmaintext               maintext     077A
__pstrings                strings      0003
__ptext1                  text1        0609
__ptext2                  text2        06B5
__ptext3                  text3        066D
__ptext4                  text4        05FC
__ptext5                  text5        05EF
__ptext6                  text6        0707
__ptext7                  text7        05E2
__ptext8                  text8        064A
__ptext9                  text9        0628
__stringbase              strings      0008
__stringtab               strings      0003
_main                     maintext     077A
btemp                     (abs)        007E
end_of_initialization     cinit        07FC
intlevel0                 functab      0000
intlevel1                 functab      0000
intlevel2                 functab      0000
intlevel3                 functab      0000
intlevel4                 functab      0000
intlevel5                 functab      0000
main@i                    cstackBANK0  0020
main@i_63                 cstackBANK0  0022
reset_vec                 reset_vec    0000
start                     init         0000
start_initialization      cinit        07FC
wtemp0                    (abs)        007E


MODULE INFORMATION

Module		Function		Class		Link	Load	Size
shared
		__stringtab    		STRING         	0003	0000	6
		__initialization		CODE           	07FC	0000	1

shared estimated size: 7

lcd.c
		_LCD_Init      		CODE           	0707	0000	115
		_LCD_Write_Char		CODE           	06B5	0000	82
		_LCD_CMD       		CODE           	064A	0000	35
		_LCD_DATA      		CODE           	0628	0000	34
		_LCD_Set_Cursor		CODE           	066D	0000	72
		_LCD_Clear     		CODE           	05E2	0000	13
		_LCD_SL        		CODE           	05EF	0000	13
		_LCD_SR        		CODE           	05FC	0000	13
		_LCD_Write_String		CODE           	0609	0000	31

lcd.c estimated size: 408

main.c
		_main          		CODE           	077A	0000	130

main.c estimated size: 130

